// Jest Snapshot v1, https://goo.gl/fbAQLP

exports[`should match snapshot 1`] = `
<DocumentFragment>
  <div
    class="col-sm-6"
  >
    <div
      class="card"
    >
      <h3
        class="card-header"
      >
        <a
          class="text-decoration-none text-dark"
          href="/test"
        />
      </h3>
      <h6
        class="card-body"
      >
        Department Head: 
        <a
          href="/users/undefined"
        >
          Test Head
        </a>
      </h6>
      <div
        class="card-footer"
      >
        <button
          class="pb-2 btn btn-danger"
          type="button"
        >
          Delete Department
        </button>
      </div>
    </div>
  </div>
</DocumentFragment>
`;
